// Jest Snapshot v1, https://goo.gl/fbAQLP

exports[`the chore card component matches the screenshot 1`] = `
<DocumentFragment>
  <div>
    <div>
      test
    </div>
    <div>
      £1
    </div>
    <div>
      T
    </div>
    <button
      type="button"
    >
      Edit
    </button>
    <button
      type="button"
    >
      Delete
    </button>
    <button
      type="button"
    >
      Accept
    </button>
    <button
      type="button"
    >
      Reject
    </button>
    <button
      type="button"
    >
      Done
    </button>
    <button
      type="button"
    >
      Take
    </button>
  </div>
</DocumentFragment>
`;
