// Jest Snapshot v1, https://goo.gl/fbAQLP

exports[`the homepage matches the snapshot 1`] = `
<DocumentFragment>
  <div
    class="container"
  >
    <h1>
      Chores
    </h1>
    <button
      type="button"
    >
      <a
        href="/addchore"
      >
        Add new chore +
      </a>
    </button>
    <p />
  </div>
</DocumentFragment>
`;
