// Jest Snapshot v1, https://goo.gl/fbAQLP

exports[`the homepage matches the snapshot 1`] = `
<DocumentFragment>
  <div
    class="container"
  >
    <h1>
      Home Page
    </h1>
    <div
      class="container"
    >
      <h1>
        Login
      </h1>
      <form>
        <label
          for="name"
        >
          Full Name 
        </label>
        <input
          name="name"
          placeholder="e.g. Joan Smith"
          required=""
          type="text"
          value=""
        />
        <label
          for="password"
        >
          Password
        </label>
        <input
          name="password"
          placeholder="*******"
          required=""
          type="password"
          value=""
        />
        <button
          type="submit"
        >
          Log in
        </button>
      </form>
    </div>
    <p>
      Not yet a member?
    </p>
    <button
      type="button"
    >
      <a
        href="/signup"
      >
        Sign Up!
      </a>
    </button>
  </div>
</DocumentFragment>
`;
