// Jest Snapshot v1, https://goo.gl/fbAQLP

exports[`the homepage matches the snapshot 1`] = `
<DocumentFragment>
  <div
    class="container"
  >
    <h1>
      Home Page
    </h1>
    <h3>
      Welcome to Bish Bash Dosh, please log in or sign up below!
    </h3>
    <form>
      <label
        for="email"
      >
        Your Email
      </label>
      <input
        name="email"
        placeholder="e.g example@example.com"
        required=""
        type="email"
        value=""
      />
      <label
        for="password"
      >
        Password
      </label>
      <input
        name="password"
        placeholder="*******"
        required=""
        type="password"
        value=""
      />
      <button
        type="submit"
      >
        Log in
      </button>
    </form>
    <p>
      Not yet a member?
    </p>
    <button
      type="button"
    >
      <a
        href="/signup"
      >
        Sign Up!
      </a>
    </button>
  </div>
</DocumentFragment>
`;
